 . O . . . . . . . . . . . . . . . . . 
 X O O . X . . . . . . . . . . . O . . 
 O . O 2 X X . X . X X . O . 4 . O X . 
 O . . , O O O X . O . . . . . O 1 . . 
 . O . O X X X O O . . O . . O X X . . 
 O . O O . . . O . . O . . . O X . X . 
 O O X O X X X O . X X O . . X X O . . 
 . X . O . O X O . X O X . . . . O . X 
 . . . O . O X X . X O O . . . X X O . 
 . . X X X O O X . , X . O O X X O O O 
 . O O O X . . X . X . . O X . X X O . 
 . O X X X X . O X . . . O X . . X O . 
 . . . . . O . O O . . . O X . . X O . 
 . O O . O . . . . . . . O O X X 0 O . 
 . . X O . . . . . . . . O X 8 6 9 X O 
 . . 5 , X . . . . , . O . X . 7 . . . 
 . . . . . . X . O . . O X . . 3 . X . 
 . . . . . . . . . . O X X . . . . . . 
 . . . . . . . . . . . . . . . . . . . 

 . O . . . . . . . 
 X O O . X . . . . 
 O . O 2 X X . X . 
 O . . , O O O X . 
 . O . O X X X O O 
 O . O O . . . O . 

. . . . . . . . . 
. . . . . . . . . 
. X . X X . O . 4 
O X . O . . . . . 
X O O . . O . . O 
. O . . O . . . O 

. . . . . . . . . 
. . . . . . O . . 
X . O . 4 . O X . 
. . . . . O 1 . . 
. O . . O X X . . 
O . . . O X . X . 

 O O X O X X X O . 
 . X . O . O X O . 
 . . . O . O X X . 
 . . X X X O O X . 
 . O O O X . . X . 
 . O X X X X . O X 
 . . . . . O . O O 

X O . X X O . . X 
X O . X O X . . . 
X X . X O O . . . 
O X . , X . O O X 
. X . X . . O X . 
. O X . . . O X . 
. O O . . . O X . 

X O . . X X O . . 
O X . . . . O . X 
O O . . . X X O . 
X . O O X X O O O 
. . O X . X X O . 
. . O X . . X O . 
. . O X . . X O . 

 . O O . O . . . . 
 . . X O . . . . . 
 . . 5 , X . . . . 
 . . . . . . X . O 
 . . . . . . . . . 
 . . . . . . . . . 

. . . . . . O O X 
. . . . . . O X 8 
. . . , . O . X . 
X . O . . O X . . 
. . . . O X X . . 
. . . . . . . . . 

. . O O X X 0 O . 
. . O X 8 6 9 X O 
. O . X . 7 . . . 
. O X . . 3 . X . 
O X X . . . . . . 
. . . . . . . . . 

+---------------------------------------+
| . O . . . . . . . . . . . . . . . . . |
| X O O . X . . . . . . . . . . . O . . |
| O . O 2 X X . X . X X . O . 4 . O X . |
| O . . , O O O X . O . . . . . O 1 . . |
| . O . O X X X O O . . O . . O X X . . |
| O . O O . . . O . . O . . . O X . X . |
| O O X O X X X O . X X O . . X X O . . |
| . X . O . O X O . X O X . . . . O . X |
| . . . O . O X X . X O O . . . X X O . |
| . . X X X O O X . , X . O O X X O O O |
| . O O O X . . X . X . . O X . X X O . |
| . O X X X X . O X . . . O X . . X O . |
| . . . . . O . O O . . . O X . . X O . |
| . O O . O . . . . . . . O O X X 0 O . |
| . . X O . . . . . . . . O X 8 6 9 X O |
| . . 5 , X . . . . , . O . X . 7 . . . |
| . . . . . . X . O . . O X . . 3 . X . |
| . . . . . . . . . . O X X . . . . . . |
| . . . . . . . . . . . . . . . . . . . |
+---------------------------------------+

+-------------------
| . O . . . . . . . 
| X O O . X . . . . 
| O . O 2 X X . X . 
| O . . , O O O X . 
| . O . O X X X O O 
| O . O O . . . O . 

------------------
. . . . . . . . . 
. . . . . . . . . 
. X . X X . O . 4 
O X . O . . . . . 
X O O . . O . . O 
. O . . O . . . O 

------------------+
. . . . . . . . . |
. . . . . . O . . |
X . O . 4 . O X . |
. . . . . O 1 . . |
. O . . O X X . . |
O . . . O X . X . |

| O O X O X X X O . 
| . X . O . O X O . 
| . . . O . O X X . 
| . . X X X O O X . 
| . O O O X . . X . 
| . O X X X X . O X 
| . . . . . O . O O 

X O . X X O . . X 
X O . X O X . . . 
X X . X O O . . . 
O X . , X . O O X 
. X . X . . O X . 
. O X . . . O X . 
. O O . . . O X . 

X O . . X X O . . |
O X . . . . O . X |
O O . . . X X O . |
X . O O X X O O O |
. . O X . X X O . |
. . O X . . X O . |
. . O X . . X O . |

| . O O . O . . . . 
| . . X O . . . . . 
| . . 5 , X . . . . 
| . . . . . . X . O 
| . . . . . . . . . 
| . . . . . . . . . 
+-------------------

. . . . . . O O X 
. . . . . . O X 8 
. . . , . O . X . 
X . O . . O X . . 
. . . . O X X . . 
. . . . . . . . . 
------------------

. . O O X X 0 O . |
. . O X 8 6 9 X O |
. O . X . 7 . . . |
. O X . . 3 . X . |
O X X . . . . . . |
. . . . . . . . . |
------------------+

   A B C D E F G H J K L M N O P Q R S T 
19 . O . . . . . . . . . . . . . . . . . 19
18 X O O . X . . . . . . . . . . . O . . 18
17 O . O 2 X X . X . X X . O . 4 . O X . 17
16 O . . , O O O X . O . . . . . O 1 . . 16
15 . O . O X X X O O . . O . . O X X . . 15
14 O . O O . . . O . . O . . . O X . X . 14
13 O O X O X X X O . X X O . . X X O . . 13
12 . X . O . O X O . X O X . . . . O . X 12
11 . . . O . O X X . X O O . . . X X O . 11
10 . . X X X O O X . , X . O O X X O O O 10
 9 . O O O X . . X . X . . O X . X X O . 9 
 8 . O X X X X . O X . . . O X . . X O . 8 
 7 . . . . . O . O O . . . O X . . X O . 7 
 6 . O O . O . . . . . . . O O X X 0 O . 6 
 5 . . X O . . . . . . . . O X 8 6 9 X O 5 
 4 . . 5 , X . . . . , . O . X . 7 . . . 4 
 3 . . . . . . X . O . . O X . . 3 . X . 3 
 2 . . . . . . . . . . O X X . . . . . . 2 
 1 . . . . . . . . . . . . . . . . . . . 1 
   A B C D E F G H J K L M N O P Q R S T 

   A B C D E F G H J 
19 . O . . . . . . . 
18 X O O . X . . . . 
17 O . O 2 X X . X . 
16 O . . , O O O X . 
15 . O . O X X X O O 
14 O . O O . . . O . 

G H J K L M N O P 
. . . . . . . . . 
. . . . . . . . . 
. X . X X . O . 4 
O X . O . . . . . 
X O O . . O . . O 
. O . . O . . . O 

L M N O P Q R S T 
. . . . . . . . . 19
. . . . . . O . . 18
X . O . 4 . O X . 17
. . . . . O 1 . . 16
. O . . O X X . . 15
O . . . O X . X . 14

13 O O X O X X X O . 
12 . X . O . O X O . 
11 . . . O . O X X . 
10 . . X X X O O X . 
 9 . O O O X . . X . 
 8 . O X X X X . O X 
 7 . . . . . O . O O 

X O . X X O . . X 
X O . X O X . . . 
X X . X O O . . . 
O X . , X . O O X 
. X . X . . O X . 
. O X . . . O X . 
. O O . . . O X . 

X O . . X X O . . 13
O X . . . . O . X 12
O O . . . X X O . 11
X . O O X X O O O 10
. . O X . X X O . 9 
. . O X . . X O . 8 
. . O X . . X O . 7 

 6 . O O . O . . . . 
 5 . . X O . . . . . 
 4 . . 5 , X . . . . 
 3 . . . . . . X . O 
 2 . . . . . . . . . 
 1 . . . . . . . . . 
   A B C D E F G H J 

. . . . . . O O X 
. . . . . . O X 8 
. . . , . O . X . 
X . O . . O X . . 
. . . . O X X . . 
. . . . . . . . . 
G H J K L M N O P 

. . O O X X 0 O . 6 
. . O X 8 6 9 X O 5 
. O . X . 7 . . . 4 
. O X . . 3 . X . 3 
O X X . . . . . . 2 
. . . . . . . . . 1 
L M N O P Q R S T 

    A B C D E F G H J K L M N O P Q R S T 
  +---------------------------------------+
19| . O . . . . . . . . . . . . . . . . . |19
18| X O O . X . . . . . . . . . . . O . . |18
17| O . O 2 X X . X . X X . O . 4 . O X . |17
16| O . . , O O O X . O . . . . . O 1 . . |16
15| . O . O X X X O O . . O . . O X X . . |15
14| O . O O . . . O . . O . . . O X . X . |14
13| O O X O X X X O . X X O . . X X O . . |13
12| . X . O . O X O . X O X . . . . O . X |12
11| . . . O . O X X . X O O . . . X X O . |11
10| . . X X X O O X . , X . O O X X O O O |10
 9| . O O O X . . X . X . . O X . X X O . |9 
 8| . O X X X X . O X . . . O X . . X O . |8 
 7| . . . . . O . O O . . . O X . . X O . |7 
 6| . O O . O . . . . . . . O O X X 0 O . |6 
 5| . . X O . . . . . . . . O X 8 6 9 X O |5 
 4| . . 5 , X . . . . , . O . X . 7 . . . |4 
 3| . . . . . . X . O . . O X . . 3 . X . |3 
 2| . . . . . . . . . . O X X . . . . . . |2 
 1| . . . . . . . . . . . . . . . . . . . |1 
  +---------------------------------------+
    A B C D E F G H J K L M N O P Q R S T 

    A B C D E F G H J 
  +-------------------
19| . O . . . . . . . 
18| X O O . X . . . . 
17| O . O 2 X X . X . 
16| O . . , O O O X . 
15| . O . O X X X O O 
14| O . O O . . . O . 

G H J K L M N O P 
------------------
. . . . . . . . . 
. . . . . . . . . 
. X . X X . O . 4 
O X . O . . . . . 
X O O . . O . . O 
. O . . O . . . O 

L M N O P Q R S T 
------------------+
. . . . . . . . . |19
. . . . . . O . . |18
X . O . 4 . O X . |17
. . . . . O 1 . . |16
. O . . O X X . . |15
O . . . O X . X . |14

13| O O X O X X X O . 
12| . X . O . O X O . 
11| . . . O . O X X . 
10| . . X X X O O X . 
 9| . O O O X . . X . 
 8| . O X X X X . O X 
 7| . . . . . O . O O 

X O . X X O . . X 
X O . X O X . . . 
X X . X O O . . . 
O X . , X . O O X 
. X . X . . O X . 
. O X . . . O X . 
. O O . . . O X . 

X O . . X X O . . |13
O X . . . . O . X |12
O O . . . X X O . |11
X . O O X X O O O |10
. . O X . X X O . |9 
. . O X . . X O . |8 
. . O X . . X O . |7 

 6| . O O . O . . . . 
 5| . . X O . . . . . 
 4| . . 5 , X . . . . 
 3| . . . . . . X . O 
 2| . . . . . . . . . 
 1| . . . . . . . . . 
  +-------------------
    A B C D E F G H J 

. . . . . . O O X 
. . . . . . O X 8 
. . . , . O . X . 
X . O . . O X . . 
. . . . O X X . . 
. . . . . . . . . 
------------------
G H J K L M N O P 

. . O O X X 0 O . |6 
. . O X 8 6 9 X O |5 
. O . X . 7 . . . |4 
. O X . . 3 . X . |3 
O X X . . . . . . |2 
. . . . . . . . . |1 
------------------+
L M N O P Q R S T 

$$B
$$ +---------------------------------------+
$$ | . O . . . . . . . . . . . . . . . . . |
$$ | X O O . X . . . . . . . . . . . O . . |
$$ | O . O 2 X X . X . X X . O . 4 . O X . |
$$ | O . . , O O O X . O . . . . . O 1 . . |
$$ | . O . O X X X O O . . O . . O X X . . |
$$ | O . O O . . . O . . O . . . O X . X . |
$$ | O O X O X X X O . X X O . . X X O . . |
$$ | . X . O . O X O . X O X . . . . O . X |
$$ | . . . O . O X X . X O O . . . X X O . |
$$ | . . X X X O O X . , X . O O X X O O O |
$$ | . O O O X . . X . X . . O X . X X O . |
$$ | . O X X X X . O X . . . O X . . X O . |
$$ | . . . . . O . O O . . . O X . . X O . |
$$ | . O O . O . . . . . . . O O X X 0 O . |
$$ | . . X O . . . . . . . . O X 8 6 9 X O |
$$ | . . 5 , X . . . . , . O . X . 7 . . . |
$$ | . . . . . . X . O . . O X . . 3 . X . |
$$ | . . . . . . . . . . O X X . . . . . . |
$$ | . . . . . . . . . . . . . . . . . . . |
$$ +---------------------------------------+

$$B
$$ +-------------------
$$ | . O . . . . . . . 
$$ | X O O . X . . . . 
$$ | O . O 2 X X . X . 
$$ | O . . , O O O X . 
$$ | . O . O X X X O O 
$$ | O . O O . . . O . 

$$B
$$ ------------------
$$ . . . . . . . . . 
$$ . . . . . . . . . 
$$ . X . X X . O . 4 
$$ O X . O . . . . . 
$$ X O O . . O . . O 
$$ . O . . O . . . O 

$$B
$$ ------------------+
$$ . . . . . . . . . |
$$ . . . . . . O . . |
$$ X . O . 4 . O X . |
$$ . . . . . O 1 . . |
$$ . O . . O X X . . |
$$ O . . . O X . X . |

$$B
$$ | O O X O X X X O . 
$$ | . X . O . O X O . 
$$ | . . . O . O X X . 
$$ | . . X X X O O X . 
$$ | . O O O X . . X . 
$$ | . O X X X X . O X 
$$ | . . . . . O . O O 

$$B
$$ X O . X X O . . X 
$$ X O . X O X . . . 
$$ X X . X O O . . . 
$$ O X . , X . O O X 
$$ . X . X . . O X . 
$$ . O X . . . O X . 
$$ . O O . . . O X . 

$$B
$$ X O . . X X O . . |
$$ O X . . . . O . X |
$$ O O . . . X X O . |
$$ X . O O X X O O O |
$$ . . O X . X X O . |
$$ . . O X . . X O . |
$$ . . O X . . X O . |

$$B
$$ | . O O . O . . . . 
$$ | . . X O . . . . . 
$$ | . . 5 , X . . . . 
$$ | . . . . . . X . O 
$$ | . . . . . . . . . 
$$ | . . . . . . . . . 
$$ +-------------------

$$B
$$ . . . . . . O O X 
$$ . . . . . . O X 8 
$$ . . . , . O . X . 
$$ X . O . . O X . . 
$$ . . . . O X X . . 
$$ . . . . . . . . . 
$$ ------------------

$$B
$$ . . O O X X 0 O . |
$$ . . O X 8 6 9 X O |
$$ . O . X . 7 . . . |
$$ . O X . . 3 . X . |
$$ O X X . . . . . . |
$$ . . . . . . . . . |
$$ ------------------+

$$B
$$ +---------------------------------------+
$$ | . O . . . . . . . . . . . . . . . . . |
$$ | X O O . X . . . . . . . . . . . O . . |
$$ | O . O 2 X X . X . X X . O . 4 . O X . |
$$ | O . . , O O O X . O . . . . . O 1 . . |
$$ | . O . O X X X O O . . O . . O X X . . |
$$ | O . O O . . . O . . O . . . O X . X . |
$$ | O O X O X X X O . X X O . . X X O . . |
$$ | . X . O . O X O . X O X . . . . O . X |
$$ | . . . O . O X X . X O O . . . X X O . |
$$ | . . X X X O O X . , X . O O X X O O O |
$$ | . O O O X . . X . X . . O X . X X O . |
$$ | . O X X X X . O X . . . O X . . X O . |
$$ | . . . . . O . O O . . . O X . . X O . |
$$ | . O O . O . . . . . . . O O X X 0 O . |
$$ | . . X O . . . . . . . . O X 8 6 9 X O |
$$ | . . 5 , X . . . . , . O . X . 7 . . . |
$$ | . . . . . . X . O . . O X . . 3 . X . |
$$ | . . . . . . . . . . O X X . . . . . . |
$$ | . . . . . . . . . . . . . . . . . . . |
$$ +---------------------------------------+

$$B
$$ +-------------------
$$ | . O . . . . . . . 
$$ | X O O . X . . . . 
$$ | O . O 2 X X . X . 
$$ | O . . , O O O X . 
$$ | . O . O X X X O O 
$$ | O . O O . . . O . 

$$B
$$ ------------------
$$ . . . . . . . . . 
$$ . . . . . . . . . 
$$ . X . X X . O . 4 
$$ O X . O . . . . . 
$$ X O O . . O . . O 
$$ . O . . O . . . O 

$$B
$$ ------------------+
$$ . . . . . . . . . |
$$ . . . . . . O . . |
$$ X . O . 4 . O X . |
$$ . . . . . O 1 . . |
$$ . O . . O X X . . |
$$ O . . . O X . X . |

$$B
$$ | O O X O X X X O . 
$$ | . X . O . O X O . 
$$ | . . . O . O X X . 
$$ | . . X X X O O X . 
$$ | . O O O X . . X . 
$$ | . O X X X X . O X 
$$ | . . . . . O . O O 

$$B
$$ X O . X X O . . X 
$$ X O . X O X . . . 
$$ X X . X O O . . . 
$$ O X . , X . O O X 
$$ . X . X . . O X . 
$$ . O X . . . O X . 
$$ . O O . . . O X . 

$$B
$$ X O . . X X O . . |
$$ O X . . . . O . X |
$$ O O . . . X X O . |
$$ X . O O X X O O O |
$$ . . O X . X X O . |
$$ . . O X . . X O . |
$$ . . O X . . X O . |

$$B
$$ | . O O . O . . . . 
$$ | . . X O . . . . . 
$$ | . . 5 , X . . . . 
$$ | . . . . . . X . O 
$$ | . . . . . . . . . 
$$ | . . . . . . . . . 
$$ +-------------------

$$B
$$ . . . . . . O O X 
$$ . . . . . . O X 8 
$$ . . . , . O . X . 
$$ X . O . . O X . . 
$$ . . . . O X X . . 
$$ . . . . . . . . . 
$$ ------------------

$$B
$$ . . O O X X 0 O . |
$$ . . O X 8 6 9 X O |
$$ . O . X . 7 . . . |
$$ . O X . . 3 . X . |
$$ O X X . . . . . . |
$$ . . . . . . . . . |
$$ ------------------+

$$Bc
$$ +---------------------------------------+
$$ | . O . . . . . . . . . . . . . . . . . |
$$ | X O O . X . . . . . . . . . . . O . . |
$$ | O . O 2 X X . X . X X . O . 4 . O X . |
$$ | O . . , O O O X . O . . . . . O 1 . . |
$$ | . O . O X X X O O . . O . . O X X . . |
$$ | O . O O . . . O . . O . . . O X . X . |
$$ | O O X O X X X O . X X O . . X X O . . |
$$ | . X . O . O X O . X O X . . . . O . X |
$$ | . . . O . O X X . X O O . . . X X O . |
$$ | . . X X X O O X . , X . O O X X O O O |
$$ | . O O O X . . X . X . . O X . X X O . |
$$ | . O X X X X . O X . . . O X . . X O . |
$$ | . . . . . O . O O . . . O X . . X O . |
$$ | . O O . O . . . . . . . O O X X 0 O . |
$$ | . . X O . . . . . . . . O X 8 6 9 X O |
$$ | . . 5 , X . . . . , . O . X . 7 . . . |
$$ | . . . . . . X . O . . O X . . 3 . X . |
$$ | . . . . . . . . . . O X X . . . . . . |
$$ | . . . . . . . . . . . . . . . . . . . |
$$ +---------------------------------------+

$$Bc
$$ +-------------------
$$ | . O . . . . . . . 
$$ | X O O . X . . . . 
$$ | O . O 2 X X . X . 
$$ | O . . , O O O X . 
$$ | . O . O X X X O O 
$$ | O . O O . . . O . 

$$Bc
$$ ------------------
$$ . . . . . . . . . 
$$ . . . . . . . . . 
$$ . X . X X . O . 4 
$$ O X . O . . . . . 
$$ X O O . . O . . O 
$$ . O . . O . . . O 

$$Bc
$$ ------------------+
$$ . . . . . . . . . |
$$ . . . . . . O . . |
$$ X . O . 4 . O X . |
$$ . . . . . O 1 . . |
$$ . O . . O X X . . |
$$ O . . . O X . X . |

$$Bc
$$ | O O X O X X X O . 
$$ | . X . O . O X O . 
$$ | . . . O . O X X . 
$$ | . . X X X O O X . 
$$ | . O O O X . . X . 
$$ | . O X X X X . O X 
$$ | . . . . . O . O O 

$$Bc
$$ X O . X X O . . X 
$$ X O . X O X . . . 
$$ X X . X O O . . . 
$$ O X . , X . O O X 
$$ . X . X . . O X . 
$$ . O X . . . O X . 
$$ . O O . . . O X . 

$$Bc
$$ X O . . X X O . . |
$$ O X . . . . O . X |
$$ O O . . . X X O . |
$$ X . O O X X O O O |
$$ . . O X . X X O . |
$$ . . O X . . X O . |
$$ . . O X . . X O . |

$$Bc
$$ | . O O . O . . . . 
$$ | . . X O . . . . . 
$$ | . . 5 , X . . . . 
$$ | . . . . . . X . O 
$$ | . . . . . . . . . 
$$ | . . . . . . . . . 
$$ +-------------------

$$Bc
$$ . . . . . . O O X 
$$ . . . . . . O X 8 
$$ . . . , . O . X . 
$$ X . O . . O X . . 
$$ . . . . O X X . . 
$$ . . . . . . . . . 
$$ ------------------

$$Bc
$$ . . O O X X 0 O . |
$$ . . O X 8 6 9 X O |
$$ . O . X . 7 . . . |
$$ . O X . . 3 . X . |
$$ O X X . . . . . . |
$$ . . . . . . . . . |
$$ ------------------+

$$Bc
$$ +---------------------------------------+
$$ | . O . . . . . . . . . . . . . . . . . |
$$ | X O O . X . . . . . . . . . . . O . . |
$$ | O . O 2 X X . X . X X . O . 4 . O X . |
$$ | O . . , O O O X . O . . . . . O 1 . . |
$$ | . O . O X X X O O . . O . . O X X . . |
$$ | O . O O . . . O . . O . . . O X . X . |
$$ | O O X O X X X O . X X O . . X X O . . |
$$ | . X . O . O X O . X O X . . . . O . X |
$$ | . . . O . O X X . X O O . . . X X O . |
$$ | . . X X X O O X . , X . O O X X O O O |
$$ | . O O O X . . X . X . . O X . X X O . |
$$ | . O X X X X . O X . . . O X . . X O . |
$$ | . . . . . O . O O . . . O X . . X O . |
$$ | . O O . O . . . . . . . O O X X 0 O . |
$$ | . . X O . . . . . . . . O X 8 6 9 X O |
$$ | . . 5 , X . . . . , . O . X . 7 . . . |
$$ | . . . . . . X . O . . O X . . 3 . X . |
$$ | . . . . . . . . . . O X X . . . . . . |
$$ | . . . . . . . . . . . . . . . . . . . |
$$ +---------------------------------------+

$$Bc
$$ +-------------------
$$ | . O . . . . . . . 
$$ | X O O . X . . . . 
$$ | O . O 2 X X . X . 
$$ | O . . , O O O X . 
$$ | . O . O X X X O O 
$$ | O . O O . . . O . 

$$Bc
$$ ------------------
$$ . . . . . . . . . 
$$ . . . . . . . . . 
$$ . X . X X . O . 4 
$$ O X . O . . . . . 
$$ X O O . . O . . O 
$$ . O . . O . . . O 

$$Bc
$$ ------------------+
$$ . . . . . . . . . |
$$ . . . . . . O . . |
$$ X . O . 4 . O X . |
$$ . . . . . O 1 . . |
$$ . O . . O X X . . |
$$ O . . . O X . X . |

$$Bc
$$ | O O X O X X X O . 
$$ | . X . O . O X O . 
$$ | . . . O . O X X . 
$$ | . . X X X O O X . 
$$ | . O O O X . . X . 
$$ | . O X X X X . O X 
$$ | . . . . . O . O O 

$$Bc
$$ X O . X X O . . X 
$$ X O . X O X . . . 
$$ X X . X O O . . . 
$$ O X . , X . O O X 
$$ . X . X . . O X . 
$$ . O X . . . O X . 
$$ . O O . . . O X . 

$$Bc
$$ X O . . X X O . . |
$$ O X . . . . O . X |
$$ O O . . . X X O . |
$$ X . O O X X O O O |
$$ . . O X . X X O . |
$$ . . O X . . X O . |
$$ . . O X . . X O . |

$$Bc
$$ | . O O . O . . . . 
$$ | . . X O . . . . . 
$$ | . . 5 , X . . . . 
$$ | . . . . . . X . O 
$$ | . . . . . . . . . 
$$ | . . . . . . . . . 
$$ +-------------------

$$Bc
$$ . . . . . . O O X 
$$ . . . . . . O X 8 
$$ . . . , . O . X . 
$$ X . O . . O X . . 
$$ . . . . O X X . . 
$$ . . . . . . . . . 
$$ ------------------

$$Bc
$$ . . O O X X 0 O . |
$$ . . O X 8 6 9 X O |
$$ . O . X . 7 . . . |
$$ . O X . . 3 . X . |
$$ O X X . . . . . . |
$$ . . . . . . . . . |
$$ ------------------+

 .... W92. .... .... .... .... .... .... .... .... .... .... .... .... .... .... .... .... .... 
 B91. W86. W100 .... B99. .... .... .... .... .... .... .... .... .... .... .... W26. .... .... 
 W114 .... W84. W2.. B83. B49. .... B27. .... B145 B17. .... W48. .... W4.. .... W24. B25. .... 
 W106 .... .... +... W82. W96. W102 B109 .... W144 .... .... .... .... .... W20. B1.. .... .... 
 .... W104 .... W78. B95. B113 B111 W110 W112 .... .... W160 .... .... W18. B13. B21. .... .... 
 W90. .... W16. W80. .... .... .... W164 .... .... W148 .... .... .... W22. B23. .... B105 .... 
 W98. W88. B101 W142 B121 B123 B125 W124 .... B159 B157 W158 .... .... B29. B19. W12. .... .... 
 .... B103 .... W130 .... W122 B119 W126 .... B147 W146 B155 .... .... .... .... W28. .... B107 
 .... .... .... W128 .... W120 B137 B141 .... B143 W156 W162 .... .... .... B33. B39. W40. .... 
 .... .... B129 B135 B115 W138 W116 B149 .... +... B161 .... W60. W56. B61. B43. W14. W46. W44. 
 .... W136 W50. W132 B139 .... .... B153 .... B163 .... .... W58. B57. .... B47. B45. W42. .... 
 .... W140 B131 B133 B117 B127 .... W150 B151 .... .... .... W64. B59. .... .... B73. W74. .... 
 .... .... .... .... .... W118 .... W154 W152 .... .... .... W66. B65. .... .... B71. W72. .... 
 .... W76. W70. .... W108 .... .... .... .... .... .... .... W68. W38. B67. B69. W10. W30. .... 
 .... .... B75. W134 .... .... .... .... .... .... .... .... W52. B37. W8.. W6.. B9.. B11. W62. 
 .... .... B5.. +... B15. .... .... .... .... +... .... W36. .... B31. .... B7.. .... .... .... 
 .... .... .... .... .... .... B51. .... W32. .... .... W34. B35. .... .... B3.. .... B63. .... 
 .... .... .... .... .... .... .... .... .... .... W54. B53. B55. .... .... .... .... .... .... 
 .... .... .... .... .... .... .... .... .... .... .... .... .... .... .... .... .... .... .... 

 .... W92. .... .... .... .... .... .... .... 
 B91. W86. W100 .... B99. .... .... .... .... 
 W114 .... W84. W2.. B83. B49. .... B27. .... 
 W106 .... .... +... W82. W96. W102 B109 .... 
 .... W104 .... W78. B95. B113 B111 W110 W112 
 W90. .... W16. W80. .... .... .... W164 .... 

.... .... .... .... .... .... .... .... .... 
.... .... .... .... .... .... .... .... .... 
.... B27. .... B145 B17. .... W48. .... W4.. 
W102 B109 .... W144 .... .... .... .... .... 
B111 W110 W112 .... .... W160 .... .... W18. 
.... W164 .... .... W148 .... .... .... W22. 

.... .... .... .... .... .... .... .... .... 
.... .... .... .... .... .... W26. .... .... 
B17. .... W48. .... W4.. .... W24. B25. .... 
.... .... .... .... .... W20. B1.. .... .... 
.... W160 .... .... W18. B13. B21. .... .... 
W148 .... .... .... W22. B23. .... B105 .... 

 W98. W88. B101 W142 B121 B123 B125 W124 .... 
 .... B103 .... W130 .... W122 B119 W126 .... 
 .... .... .... W128 .... W120 B137 B141 .... 
 .... .... B129 B135 B115 W138 W116 B149 .... 
 .... W136 W50. W132 B139 .... .... B153 .... 
 .... W140 B131 B133 B117 B127 .... W150 B151 
 .... .... .... .... .... W118 .... W154 W152 

B125 W124 .... B159 B157 W158 .... .... B29. 
B119 W126 .... B147 W146 B155 .... .... .... 
B137 B141 .... B143 W156 W162 .... .... .... 
W116 B149 .... +... B161 .... W60. W56. B61. 
.... B153 .... B163 .... .... W58. B57. .... 
.... W150 B151 .... .... .... W64. B59. .... 
.... W154 W152 .... .... .... W66. B65. .... 

B157 W158 .... .... B29. B19. W12. .... .... 
W146 B155 .... .... .... .... W28. .... B107 
W156 W162 .... .... .... B33. B39. W40. .... 
B161 .... W60. W56. B61. B43. W14. W46. W44. 
.... .... W58. B57. .... B47. B45. W42. .... 
.... .... W64. B59. .... .... B73. W74. .... 
.... .... W66. B65. .... .... B71. W72. .... 

 .... W76. W70. .... W108 .... .... .... .... 
 .... .... B75. W134 .... .... .... .... .... 
 .... .... B5.. +... B15. .... .... .... .... 
 .... .... .... .... .... .... B51. .... W32. 
 .... .... .... .... .... .... .... .... .... 
 .... .... .... .... .... .... .... .... .... 

.... .... .... .... .... .... W68. W38. B67. 
.... .... .... .... .... .... W52. B37. W8.. 
.... .... .... +... .... W36. .... B31. .... 
B51. .... W32. .... .... W34. B35. .... .... 
.... .... .... .... W54. B53. B55. .... .... 
.... .... .... .... .... .... .... .... .... 

.... .... W68. W38. B67. B69. W10. W30. .... 
.... .... W52. B37. W8.. W6.. B9.. B11. W62. 
.... W36. .... B31. .... B7.. .... .... .... 
.... W34. B35. .... .... B3.. .... B63. .... 
W54. B53. B55. .... .... .... .... .... .... 
.... .... .... .... .... .... .... .... .... 

+------------------------------------------------------------------------------------------------+
| .... W92. .... .... .... .... .... .... .... .... .... .... .... .... .... .... .... .... .... |
| B91. W86. W100 .... B99. .... .... .... .... .... .... .... .... .... .... .... W26. .... .... |
| W114 .... W84. W2.. B83. B49. .... B27. .... B145 B17. .... W48. .... W4.. .... W24. B25. .... |
| W106 .... .... +... W82. W96. W102 B109 .... W144 .... .... .... .... .... W20. B1.. .... .... |
| .... W104 .... W78. B95. B113 B111 W110 W112 .... .... W160 .... .... W18. B13. B21. .... .... |
| W90. .... W16. W80. .... .... .... W164 .... .... W148 .... .... .... W22. B23. .... B105 .... |
| W98. W88. B101 W142 B121 B123 B125 W124 .... B159 B157 W158 .... .... B29. B19. W12. .... .... |
| .... B103 .... W130 .... W122 B119 W126 .... B147 W146 B155 .... .... .... .... W28. .... B107 |
| .... .... .... W128 .... W120 B137 B141 .... B143 W156 W162 .... .... .... B33. B39. W40. .... |
| .... .... B129 B135 B115 W138 W116 B149 .... +... B161 .... W60. W56. B61. B43. W14. W46. W44. |
| .... W136 W50. W132 B139 .... .... B153 .... B163 .... .... W58. B57. .... B47. B45. W42. .... |
| .... W140 B131 B133 B117 B127 .... W150 B151 .... .... .... W64. B59. .... .... B73. W74. .... |
| .... .... .... .... .... W118 .... W154 W152 .... .... .... W66. B65. .... .... B71. W72. .... |
| .... W76. W70. .... W108 .... .... .... .... .... .... .... W68. W38. B67. B69. W10. W30. .... |
| .... .... B75. W134 .... .... .... .... .... .... .... .... W52. B37. W8.. W6.. B9.. B11. W62. |
| .... .... B5.. +... B15. .... .... .... .... +... .... W36. .... B31. .... B7.. .... .... .... |
| .... .... .... .... .... .... B51. .... W32. .... .... W34. B35. .... .... B3.. .... B63. .... |
| .... .... .... .... .... .... .... .... .... .... W54. B53. B55. .... .... .... .... .... .... |
| .... .... .... .... .... .... .... .... .... .... .... .... .... .... .... .... .... .... .... |
+------------------------------------------------------------------------------------------------+

+----------------------------------------------
| .... W92. .... .... .... .... .... .... .... 
| B91. W86. W100 .... B99. .... .... .... .... 
| W114 .... W84. W2.. B83. B49. .... B27. .... 
| W106 .... .... +... W82. W96. W102 B109 .... 
| .... W104 .... W78. B95. B113 B111 W110 W112 
| W90. .... W16. W80. .... .... .... W164 .... 

---------------------------------------------
.... .... .... .... .... .... .... .... .... 
.... .... .... .... .... .... .... .... .... 
.... B27. .... B145 B17. .... W48. .... W4.. 
W102 B109 .... W144 .... .... .... .... .... 
B111 W110 W112 .... .... W160 .... .... W18. 
.... W164 .... .... W148 .... .... .... W22. 

---------------------------------------------+
.... .... .... .... .... .... .... .... .... |
.... .... .... .... .... .... W26. .... .... |
B17. .... W48. .... W4.. .... W24. B25. .... |
.... .... .... .... .... W20. B1.. .... .... |
.... W160 .... .... W18. B13. B21. .... .... |
W148 .... .... .... W22. B23. .... B105 .... |

| W98. W88. B101 W142 B121 B123 B125 W124 .... 
| .... B103 .... W130 .... W122 B119 W126 .... 
| .... .... .... W128 .... W120 B137 B141 .... 
| .... .... B129 B135 B115 W138 W116 B149 .... 
| .... W136 W50. W132 B139 .... .... B153 .... 
| .... W140 B131 B133 B117 B127 .... W150 B151 
| .... .... .... .... .... W118 .... W154 W152 

B125 W124 .... B159 B157 W158 .... .... B29. 
B119 W126 .... B147 W146 B155 .... .... .... 
B137 B141 .... B143 W156 W162 .... .... .... 
W116 B149 .... +... B161 .... W60. W56. B61. 
.... B153 .... B163 .... .... W58. B57. .... 
.... W150 B151 .... .... .... W64. B59. .... 
.... W154 W152 .... .... .... W66. B65. .... 

B157 W158 .... .... B29. B19. W12. .... .... |
W146 B155 .... .... .... .... W28. .... B107 |
W156 W162 .... .... .... B33. B39. W40. .... |
B161 .... W60. W56. B61. B43. W14. W46. W44. |
.... .... W58. B57. .... B47. B45. W42. .... |
.... .... W64. B59. .... .... B73. W74. .... |
.... .... W66. B65. .... .... B71. W72. .... |

| .... W76. W70. .... W108 .... .... .... .... 
| .... .... B75. W134 .... .... .... .... .... 
| .... .... B5.. +... B15. .... .... .... .... 
| .... .... .... .... .... .... B51. .... W32. 
| .... .... .... .... .... .... .... .... .... 
| .... .... .... .... .... .... .... .... .... 
+----------------------------------------------

.... .... .... .... .... .... W68. W38. B67. 
.... .... .... .... .... .... W52. B37. W8.. 
.... .... .... +... .... W36. .... B31. .... 
B51. .... W32. .... .... W34. B35. .... .... 
.... .... .... .... W54. B53. B55. .... .... 
.... .... .... .... .... .... .... .... .... 
---------------------------------------------

.... .... W68. W38. B67. B69. W10. W30. .... |
.... .... W52. B37. W8.. W6.. B9.. B11. W62. |
.... W36. .... B31. .... B7.. .... .... .... |
.... W34. B35. .... .... B3.. .... B63. .... |
W54. B53. B55. .... .... .... .... .... .... |
.... .... .... .... .... .... .... .... .... |
---------------------------------------------+

   A    B    C    D    E    F    G    H    J    K    L    M    N    O    P    Q    R    S    T    
19 .... W92. .... .... .... .... .... .... .... .... .... .... .... .... .... .... .... .... .... 19
18 B91. W86. W100 .... B99. .... .... .... .... .... .... .... .... .... .... .... W26. .... .... 18
17 W114 .... W84. W2.. B83. B49. .... B27. .... B145 B17. .... W48. .... W4.. .... W24. B25. .... 17
16 W106 .... .... +... W82. W96. W102 B109 .... W144 .... .... .... .... .... W20. B1.. .... .... 16
15 .... W104 .... W78. B95. B113 B111 W110 W112 .... .... W160 .... .... W18. B13. B21. .... .... 15
14 W90. .... W16. W80. .... .... .... W164 .... .... W148 .... .... .... W22. B23. .... B105 .... 14
13 W98. W88. B101 W142 B121 B123 B125 W124 .... B159 B157 W158 .... .... B29. B19. W12. .... .... 13
12 .... B103 .... W130 .... W122 B119 W126 .... B147 W146 B155 .... .... .... .... W28. .... B107 12
11 .... .... .... W128 .... W120 B137 B141 .... B143 W156 W162 .... .... .... B33. B39. W40. .... 11
10 .... .... B129 B135 B115 W138 W116 B149 .... +... B161 .... W60. W56. B61. B43. W14. W46. W44. 10
 9 .... W136 W50. W132 B139 .... .... B153 .... B163 .... .... W58. B57. .... B47. B45. W42. .... 9 
 8 .... W140 B131 B133 B117 B127 .... W150 B151 .... .... .... W64. B59. .... .... B73. W74. .... 8 
 7 .... .... .... .... .... W118 .... W154 W152 .... .... .... W66. B65. .... .... B71. W72. .... 7 
 6 .... W76. W70. .... W108 .... .... .... .... .... .... .... W68. W38. B67. B69. W10. W30. .... 6 
 5 .... .... B75. W134 .... .... .... .... .... .... .... .... W52. B37. W8.. W6.. B9.. B11. W62. 5 
 4 .... .... B5.. +... B15. .... .... .... .... +... .... W36. .... B31. .... B7.. .... .... .... 4 
 3 .... .... .... .... .... .... B51. .... W32. .... .... W34. B35. .... .... B3.. .... B63. .... 3 
 2 .... .... .... .... .... .... .... .... .... .... W54. B53. B55. .... .... .... .... .... .... 2 
 1 .... .... .... .... .... .... .... .... .... .... .... .... .... .... .... .... .... .... .... 1 
   A    B    C    D    E    F    G    H    J    K    L    M    N    O    P    Q    R    S    T    

   A    B    C    D    E    F    G    H    J    
19 .... W92. .... .... .... .... .... .... .... 
18 B91. W86. W100 .... B99. .... .... .... .... 
17 W114 .... W84. W2.. B83. B49. .... B27. .... 
16 W106 .... .... +... W82. W96. W102 B109 .... 
15 .... W104 .... W78. B95. B113 B111 W110 W112 
14 W90. .... W16. W80. .... .... .... W164 .... 

G    H    J    K    L    M    N    O    P    
.... .... .... .... .... .... .... .... .... 
.... .... .... .... .... .... .... .... .... 
.... B27. .... B145 B17. .... W48. .... W4.. 
W102 B109 .... W144 .... .... .... .... .... 
B111 W110 W112 .... .... W160 .... .... W18. 
.... W164 .... .... W148 .... .... .... W22. 

L    M    N    O    P    Q    R    S    T    
.... .... .... .... .... .... .... .... .... 19
.... .... .... .... .... .... W26. .... .... 18
B17. .... W48. .... W4.. .... W24. B25. .... 17
.... .... .... .... .... W20. B1.. .... .... 16
.... W160 .... .... W18. B13. B21. .... .... 15
W148 .... .... .... W22. B23. .... B105 .... 14

13 W98. W88. B101 W142 B121 B123 B125 W124 .... 
12 .... B103 .... W130 .... W122 B119 W126 .... 
11 .... .... .... W128 .... W120 B137 B141 .... 
10 .... .... B129 B135 B115 W138 W116 B149 .... 
 9 .... W136 W50. W132 B139 .... .... B153 .... 
 8 .... W140 B131 B133 B117 B127 .... W150 B151 
 7 .... .... .... .... .... W118 .... W154 W152 

B125 W124 .... B159 B157 W158 .... .... B29. 
B119 W126 .... B147 W146 B155 .... .... .... 
B137 B141 .... B143 W156 W162 .... .... .... 
W116 B149 .... +... B161 .... W60. W56. B61. 
.... B153 .... B163 .... .... W58. B57. .... 
.... W150 B151 .... .... .... W64. B59. .... 
.... W154 W152 .... .... .... W66. B65. .... 

B157 W158 .... .... B29. B19. W12. .... .... 13
W146 B155 .... .... .... .... W28. .... B107 12
W156 W162 .... .... .... B33. B39. W40. .... 11
B161 .... W60. W56. B61. B43. W14. W46. W44. 10
.... .... W58. B57. .... B47. B45. W42. .... 9 
.... .... W64. B59. .... .... B73. W74. .... 8 
.... .... W66. B65. .... .... B71. W72. .... 7 

 6 .... W76. W70. .... W108 .... .... .... .... 
 5 .... .... B75. W134 .... .... .... .... .... 
 4 .... .... B5.. +... B15. .... .... .... .... 
 3 .... .... .... .... .... .... B51. .... W32. 
 2 .... .... .... .... .... .... .... .... .... 
 1 .... .... .... .... .... .... .... .... .... 
   A    B    C    D    E    F    G    H    J    

.... .... .... .... .... .... W68. W38. B67. 
.... .... .... .... .... .... W52. B37. W8.. 
.... .... .... +... .... W36. .... B31. .... 
B51. .... W32. .... .... W34. B35. .... .... 
.... .... .... .... W54. B53. B55. .... .... 
.... .... .... .... .... .... .... .... .... 
G    H    J    K    L    M    N    O    P    

.... .... W68. W38. B67. B69. W10. W30. .... 6 
.... .... W52. B37. W8.. W6.. B9.. B11. W62. 5 
.... W36. .... B31. .... B7.. .... .... .... 4 
.... W34. B35. .... .... B3.. .... B63. .... 3 
W54. B53. B55. .... .... .... .... .... .... 2 
.... .... .... .... .... .... .... .... .... 1 
L    M    N    O    P    Q    R    S    T    

    A    B    C    D    E    F    G    H    J    K    L    M    N    O    P    Q    R    S    T    
  +------------------------------------------------------------------------------------------------+
19| .... W92. .... .... .... .... .... .... .... .... .... .... .... .... .... .... .... .... .... |19
18| B91. W86. W100 .... B99. .... .... .... .... .... .... .... .... .... .... .... W26. .... .... |18
17| W114 .... W84. W2.. B83. B49. .... B27. .... B145 B17. .... W48. .... W4.. .... W24. B25. .... |17
16| W106 .... .... +... W82. W96. W102 B109 .... W144 .... .... .... .... .... W20. B1.. .... .... |16
15| .... W104 .... W78. B95. B113 B111 W110 W112 .... .... W160 .... .... W18. B13. B21. .... .... |15
14| W90. .... W16. W80. .... .... .... W164 .... .... W148 .... .... .... W22. B23. .... B105 .... |14
13| W98. W88. B101 W142 B121 B123 B125 W124 .... B159 B157 W158 .... .... B29. B19. W12. .... .... |13
12| .... B103 .... W130 .... W122 B119 W126 .... B147 W146 B155 .... .... .... .... W28. .... B107 |12
11| .... .... .... W128 .... W120 B137 B141 .... B143 W156 W162 .... .... .... B33. B39. W40. .... |11
10| .... .... B129 B135 B115 W138 W116 B149 .... +... B161 .... W60. W56. B61. B43. W14. W46. W44. |10
 9| .... W136 W50. W132 B139 .... .... B153 .... B163 .... .... W58. B57. .... B47. B45. W42. .... |9 
 8| .... W140 B131 B133 B117 B127 .... W150 B151 .... .... .... W64. B59. .... .... B73. W74. .... |8 
 7| .... .... .... .... .... W118 .... W154 W152 .... .... .... W66. B65. .... .... B71. W72. .... |7 
 6| .... W76. W70. .... W108 .... .... .... .... .... .... .... W68. W38. B67. B69. W10. W30. .... |6 
 5| .... .... B75. W134 .... .... .... .... .... .... .... .... W52. B37. W8.. W6.. B9.. B11. W62. |5 
 4| .... .... B5.. +... B15. .... .... .... .... +... .... W36. .... B31. .... B7.. .... .... .... |4 
 3| .... .... .... .... .... .... B51. .... W32. .... .... W34. B35. .... .... B3.. .... B63. .... |3 
 2| .... .... .... .... .... .... .... .... .... .... W54. B53. B55. .... .... .... .... .... .... |2 
 1| .... .... .... .... .... .... .... .... .... .... .... .... .... .... .... .... .... .... .... |1 
  +------------------------------------------------------------------------------------------------+
    A    B    C    D    E    F    G    H    J    K    L    M    N    O    P    Q    R    S    T    

    A    B    C    D    E    F    G    H    J    
  +----------------------------------------------
19| .... W92. .... .... .... .... .... .... .... 
18| B91. W86. W100 .... B99. .... .... .... .... 
17| W114 .... W84. W2.. B83. B49. .... B27. .... 
16| W106 .... .... +... W82. W96. W102 B109 .... 
15| .... W104 .... W78. B95. B113 B111 W110 W112 
14| W90. .... W16. W80. .... .... .... W164 .... 

G    H    J    K    L    M    N    O    P    
---------------------------------------------
.... .... .... .... .... .... .... .... .... 
.... .... .... .... .... .... .... .... .... 
.... B27. .... B145 B17. .... W48. .... W4.. 
W102 B109 .... W144 .... .... .... .... .... 
B111 W110 W112 .... .... W160 .... .... W18. 
.... W164 .... .... W148 .... .... .... W22. 

L    M    N    O    P    Q    R    S    T    
---------------------------------------------+
.... .... .... .... .... .... .... .... .... |19
.... .... .... .... .... .... W26. .... .... |18
B17. .... W48. .... W4.. .... W24. B25. .... |17
.... .... .... .... .... W20. B1.. .... .... |16
.... W160 .... .... W18. B13. B21. .... .... |15
W148 .... .... .... W22. B23. .... B105 .... |14

13| W98. W88. B101 W142 B121 B123 B125 W124 .... 
12| .... B103 .... W130 .... W122 B119 W126 .... 
11| .... .... .... W128 .... W120 B137 B141 .... 
10| .... .... B129 B135 B115 W138 W116 B149 .... 
 9| .... W136 W50. W132 B139 .... .... B153 .... 
 8| .... W140 B131 B133 B117 B127 .... W150 B151 
 7| .... .... .... .... .... W118 .... W154 W152 

B125 W124 .... B159 B157 W158 .... .... B29. 
B119 W126 .... B147 W146 B155 .... .... .... 
B137 B141 .... B143 W156 W162 .... .... .... 
W116 B149 .... +... B161 .... W60. W56. B61. 
.... B153 .... B163 .... .... W58. B57. .... 
.... W150 B151 .... .... .... W64. B59. .... 
.... W154 W152 .... .... .... W66. B65. .... 

B157 W158 .... .... B29. B19. W12. .... .... |13
W146 B155 .... .... .... .... W28. .... B107 |12
W156 W162 .... .... .... B33. B39. W40. .... |11
B161 .... W60. W56. B61. B43. W14. W46. W44. |10
.... .... W58. B57. .... B47. B45. W42. .... |9 
.... .... W64. B59. .... .... B73. W74. .... |8 
.... .... W66. B65. .... .... B71. W72. .... |7 

 6| .... W76. W70. .... W108 .... .... .... .... 
 5| .... .... B75. W134 .... .... .... .... .... 
 4| .... .... B5.. +... B15. .... .... .... .... 
 3| .... .... .... .... .... .... B51. .... W32. 
 2| .... .... .... .... .... .... .... .... .... 
 1| .... .... .... .... .... .... .... .... .... 
  +----------------------------------------------
    A    B    C    D    E    F    G    H    J    

.... .... .... .... .... .... W68. W38. B67. 
.... .... .... .... .... .... W52. B37. W8.. 
.... .... .... +... .... W36. .... B31. .... 
B51. .... W32. .... .... W34. B35. .... .... 
.... .... .... .... W54. B53. B55. .... .... 
.... .... .... .... .... .... .... .... .... 
---------------------------------------------
G    H    J    K    L    M    N    O    P    

.... .... W68. W38. B67. B69. W10. W30. .... |6 
.... .... W52. B37. W8.. W6.. B9.. B11. W62. |5 
.... W36. .... B31. .... B7.. .... .... .... |4 
.... W34. B35. .... .... B3.. .... B63. .... |3 
W54. B53. B55. .... .... .... .... .... .... |2 
.... .... .... .... .... .... .... .... .... |1 
---------------------------------------------+
L    M    N    O    P    Q    R    S    T    

