Black player mj][sk White player qb 
Date  Result  
----------
    A    B    C    D    E    F    G    H    J    K    L    M    N    O    P    Q    R    S    T     
  +------------------------------------------------------------------------------------------------+ 
19| .... .... .... .... .... .... .... .... .... .... .... .... .... .... .... .... .... .... .... |19 
18| .... .... .... .... .... .... .... .... .... .... .... .... .... .... .... .... .... .... .... |18 
17| .... .... .... .... .... .... .... .... .... .... .... .... .... .... .... .... .... .... .... |17 
16| B5.. .... .... +... .... .... .... .... .... +... .... .... .... .... .... +... .... .... .... |16 
15| .... .... .... .... .... .... .... .... .... .... .... .... .... .... .... .... .[qe .... .... |15 
14| .... .... .... .... .... .... .... B... .... .... .... .... .... .... .... .... .... .... .... |14 
13| .... .... .... .... .... .... .... .... .... .... B2.. .... .... .... .... .... .... .... .... |13 
12| .... .... W... .... .... .... .... .... .... .... .A.. .... .... .... .... B4.. .... W1.. .... |12 
11| .... .... .... .... .... .... .... .... .... .... .... .... .... B1.. .... W... .... .... .... |11 
10| .... .... .... +... .... .... .... .... .... +... .... .... .... .... .... +... .... .... .... |10 
 9| .... .... .... .... B3.. .... .... .... B... .... .... .... .... .... .... .... .... .... .... |9  
 8| .... .... .... .... .... .... .... .... .... .... .... .... .... .... .... .... .... .... .... |8  
 7| .... .... .... .... .... .... .... .... .... .... .... .... .... .... B... .... .... .... .... |7  
 6| .... W... .... .... .... .... .... W2.. .... .... .... .... .... .... .... .... .... .... .... |6  
 5| .... .... .... B... .... .... .... .... .... .... .... .... .... .... .... .... B6.. .... .... |5  
 4| .... .... .... +... .... .... .... .... .... +... .... W1.. .... .... .... +... .... .... .... |4  
 3| .... .... .... .... .... .... .... .... .... B... .... .... .... .... .... .... .... .... .... |3  
 2| .... .... .... .... .... .... .... .... .... .... .... .... .... .... .... .... .... .... .... |2  
 1| .... .... .... .... .... .... .... .... .... .... .... .... .... .... .... .... W1.. .... .... |1  
  +------------------------------------------------------------------------------------------------+ 
    A    B    C    D    E    F    G    H    J    K    L    M    N    O    P    Q    R    S    T     
Game 1 - Figure 1 (1-6) 


RD

JXEFRMLZLFLWKXQWSQPTEAVFPCHAQWDE

KQYLHMBUULRLFVRGPGEZYHMPNGRWHXJBJPLKSFVKOPFV

HGFBCPMAVTDCLPTCXK

GIVTAWBFKCHKEKEZDPPDHIVSQVPTFLBPPRLZKGDSGCBWGG

DZJJFNSZUYGLRCUKCUBDDWSAVLYFQKEMCCYRMPFVZJPEMDRA

PRSNTVLIJHACZKECLJIOKSCTGVPN

LUFD

IWALJMAZPIWZUIVPPSPUKWMIRYYVAVBODFYIVZ

SMEDYEJJRNJKGGBSLZFFXDNYXKZDTWRRRRYKSSPAJQK

ZSJMEANCBJEGURICJHODCAPEOKPR

JNZRKSUCRFODHNTNMCKUTBLYDKLSNYBNO

BMDDCCJVMNMUHRPJHRCBKGGAOXPTEEXCZHZWRXUFMGE

HPNETE

KZTCVRLMKCCKLPIENTOTOKHKYORAQPUNDZDPNYLSXCSMCVI

no

XKHFNQRKAIGZVCEGPIQIJJOYSWOMAGJGERSILOLHVU

qo

VDFRWBKU

ZFFYRJUFXUZRTHXUAG

JLKBNJOXCQZTXJWKIJJ

JLKBNJOXCQZTXJWKIJJ

NRUUJ

jl

ACEPDZXSRFSVBLNQC

IUYDEOQHGYGIYQA

IQAZYYYIBWLADEW

WFXNHKTWGCJFYGCFVMVJIFNNXATYZDMZNUSAXHGTF

HOAYJBKMSFMYKTJZEVMCEAPSVPKEPGHDXAGOEZJUNTVNUSA

HLMSIRSDOTBLAEXYCDFTNGZBNRAT

JEZFUCOJXHATHPJOGNKHOLIZCGPLTTTLWLOHIPC

ERVSZSBJTJEITDMEKOVJTDTVROFWVNIRZASWTGQYUTKCPR

GOSMKTBDPYSEYSGOXDUYJQEMC

IDLZGUXHIABWQYHAGMKKOBKLIKMDBMCUFGJLZG

QONSQJKUZQRJOSVXECPHMLOZAIJNUIREPUCI

OLVQMCNZOHUBIPEUCBETPEVHXWVIRSUPTKEVJSLZGBJ

KRYEMEUORLRNBEEMHMEMJVYBZDGWPENDRSRTGENJTWAAWX

DGFCFMMPLAPAVSOHNFM

ea

GWKQEJJSRPSUZQPG

    A    B    C    D    E    F    G    H    J    K    L    M    N    O    P    Q    R    S    T     
  +------------------------------------------------------------------------------------------------+ 
19| .... .... .... .... .... .... .TR. .... .... .... .... .... .... .... .... .... .... .... .... |19 
18| .... .... .... .... .... .... .... .... .... .... .... .... .... .... .... .... .... .... .... |18 
17| .... .... .... .... .... .... .... .... .... .... .... .... .... .... .... .... .... .... .... |17 
16| .... .... .... +... .... .... .... .... .... +... .... .... .... .... .... +... .... .... .... |16 
15| .... .... W3.. .... .... .... .... .... .... .... .... .... .... .... .... .... .... .... .... |15 
14| .... .... .... .... .... .CR. .... .... .... .... .... .... .... .... .... .... .... .... .... |14 
13| .... .... .... .... .CR. .... .... .... .... .... .... .... .... .... .... .... .... .... .... |13 
12| .... .... .... .... B4.. .... .... .... .... .... .... .... .... .... .... .... .... .... .... |12 
11| .... .CR. .... .... .... .... .... .... .... .... .... .... .... .... .... .... .... .... .... |11 
10| .... .... .... +... .... .... .... .... .... +... .... .... .... .... .... +... .... .... .... |10 
 9| .... .... .... .... .SQ. .... .... .... .... .... .... .... .... .... .... .... .... .... .... |9  
 8| .... .... .... .... .... .... .... .... .... .... .... .... .... .... .... .... .... .... .... |8  
 7| B2.. .... .... .... .... .... .... .... .... .... .... .... .... .... .... .... .... .... .... |7  
 6| .... .... .... .... .... .... .... .... .... .... .... .... .... .... .... .... .... .... .... |6  
 5| .... .... .... .... .... .... .... .... .... .... .... .... .... .... .... .... .... .... .... |5  
 4| .... .... .... +... .... .... .... .... .... +... .... .... .... .... .... +... .... .... .... |4  
 3| .... .... .... .... .... .... .... .... .... .... .... .... .... .... .... .... .... .... .... |3  
 2| .... .... .... .... .... .... .... .... .... .... .... .... .... .... .... .... .... .... .... |2  
 1| .... W... .... .... .... .... .... .... .... .... .... .... .... .... .... .... W... .... .... |1  
  +------------------------------------------------------------------------------------------------+ 
    A    B    C    D    E    F    G    H    J    K    L    M    N    O    P    Q    R    S    T     
Game 1 - Diagram 2 


VLLCCAITUOTIFXQGCXVAQD

TDFELNT

CKGHQNRAMIMMJNEWDQKFVXKMQBBFVUPAJQG

WNDZWPFPTZUUXUJDDIQWKQZGHWICVRXERJQYRFYBNHDRFFYC

ZUXGYTNBXKFPNZUPZULOR

KKTBFUVWWKOLBMHRWGQCKSXHRSJAYTPYUXOBIKO

ZSJMEANCBJEGURICJHODCAPEOKPR

EQMAJGHDO

TAMGGNO

FKNSZT

MJCLALBSVPDQ

